
> edibio-app@0.1.0 electron:build
> npm run build && electron-builder


> edibio-app@0.1.0 build
> next build

Γû▓ Next.js 16.1.6 (Turbopack)

  Creating an optimized production build ...
Γ£ô Compiled successfully in 4.5s
  Running TypeScript ...
  Collecting page data using 7 workers ...
  Generating static pages using 7 workers (0/18) ...
  Generating static pages using 7 workers (4/18) 
  Generating static pages using 7 workers (8/18) 
  Generating static pages using 7 workers (13/18) 
Γ£ô Generating static pages using 7 workers (18/18) in 710.4ms
  Finalizing page optimization ...

Route (app)
Γöî Γùï /
Γö£ Γùï /_not-found
Γö£ Γùï /companies
Γö£ Γùï /company/billing
Γö£ Γùï /company/billing/invoice
Γö£ Γùï /company/billing/new
Γö£ Γùï /company/billing/quick
Γö£ Γùï /company/dashboard
Γö£ Γùï /company/expenses
Γö£ Γùï /company/inventory
Γö£ Γùï /company/parties
Γö£ Γùï /company/reports
Γö£ Γùï /company/settings
Γö£ Γùï /company/settings/templates
Γö£ Γùï /login
Γöö Γùï /subscription


Γùï  (Static)  prerendered as static content

  ΓÇó electron-builder  version=26.8.1 os=10.0.26200
  ΓÇó loaded configuration  file=package.json ("build" field)
  ΓÇó executing @electron/rebuild  electronVersion=40.6.1 arch=x64 buildFromSource=false workspaceRoot=D:\edibio-app projectDir=./ appDir=./
  ΓÇó installing native dependencies  arch=x64
  ΓÇó completed installing native dependencies
  ΓÇó packaging       platform=win32 arch=x64 electron=40.6.1 appOutDir=release\win-unpacked
  ΓÇó searching for node modules  pm=npm searchDir=D:\edibio-app
node.exe : (node:27536) [DEP0190] DeprecationWarning: 
Passing args to a child process with shell option true 
can lead to security vulnerabilities, as the arguments 
are not escaped, only concatenated.
At line:1 char:1
+ & "C:\Program Files\nodejs/node.exe" "C:\Program 
Files\nodejs/node_mo ...
+ ~~~~~~~~~~~~~~~~~~~~~~~~~~~~~~~~~~~~~~~~~~~~~~~~~~~~~~~
~~~~~~~~~~~~~~
    + CategoryInfo          : NotSpecified: ((node:27536 
   ) [D...y concatenated.:String) [], RemoteException
    + FullyQualifiedErrorId : NativeCommandError
 
(Use `node --trace-deprecation ...` to show where the 
warning was created)
  Γ¿» No JSON content found in output  failedTask=build stackTrace=Error: No JSON content found in output
    at NpmNodeModulesCollector.extractJsonFromPollutedOutput (D:\edibio-app\node_modules\app-builder-lib\src\node-module-collector\nodeModulesCollector.ts:177:11)
    at NpmNodeModulesCollector.parseDependenciesTree (D:\edibio-app\node_modules\app-builder-lib\src\node-module-collector\nodeModulesCollector.ts:150:17)
    at retries (D:\edibio-app\node_modules\app-builder-lib\src\node-module-collector\nodeModulesCollector.ts:100:51)
    at retry (D:\edibio-app\node_modules\builder-util-runtime\src\retry.ts:9:12)
    at retry (D:\edibio-app\node_modules\builder-util-runtime\src\retry.ts:13:14)
    at NpmNodeModulesCollector.getNodeModules (D:\edibio-app\node_modules\app-builder-lib\src\node-module-collector\nodeModulesCollector.ts:54:31)
    at collectNodeModulesWithLogging (D:\edibio-app\node_modules\app-builder-lib\src\util\appFileCopier.ts:225:14)
    at computeNodeModuleFileSets (D:\edibio-app\node_modules\app-builder-lib\src\util\appFileCopier.ts:182:16)
    at D:\edibio-app\node_modules\app-builder-lib\src\platformPackager.ts:493:34
    at async Promise.all (index 0)
