app/company/school/admissions/page.tsx(52,37): error TS2322: Type 'string' is not assignable to type '"Pending Review" | "Documents Required" | "Approved" | "Rejected" | undefined'.
